// Generated using SwiftGen, by O.Halligon â€” https://github.com/AliSoftware/SwiftGen

import Foundation

// swiftlint:disable file_length
// swiftlint:disable line_length

// swiftlint:disable type_body_length
enum L10n {
  /// multi\nline
  case Multiline
  /// test
  case MultiLineNKey
  /// another\nmulti\n    line
  case Multiline2
  /// single line
  case Singleline
  /// another single line
  case Singleline2
}
// swiftlint:enable type_body_length

extension L10n: CustomStringConvertible {
  var description: String { return self.string }

  var string: String {
    switch self {
      case .Multiline:
        return L10n.tr("MULTILINE")
      case .MultiLineNKey:
        return L10n.tr("multiLine\nKey")
      case .Multiline2:
        return L10n.tr("MULTILINE2")
      case .Singleline:
        return L10n.tr("SINGLELINE")
      case .Singleline2:
        return L10n.tr("SINGLELINE2")
    }
  }

  private static func tr(key: String, _ args: CVarArgType...) -> String {
    let format = NSLocalizedString(key, comment: "")
    return String(format: format, locale: NSLocale.currentLocale(), arguments: args)
  }
}

func tr(key: L10n) -> String {
  return key.string
}
